V3 3
FL /home/alejandro/Documentos/Arquitectura/Procesador4/Procesador4/DataMemory.vhd 2016/11/10.00:42:48 P.20131013
EN work/DataMemory 1478756574 \
      FL /home/alejandro/Documentos/Arquitectura/Procesador4/Procesador4/DataMemory.vhd \
      PB ieee/std_logic_1164 1381692176 PB ieee/std_logic_arith 1381692177 \
      PB ieee/STD_LOGIC_UNSIGNED 1381692179
AR work/DataMemory/Behavioral 1478756575 \
      FL /home/alejandro/Documentos/Arquitectura/Procesador4/Procesador4/DataMemory.vhd \
      EN work/DataMemory 1478756574
